
> @ethsltd/web@0.1.0 build C:\Users\abdur\Downloads\Clients\TradingEthsltd\Ethsltd\apps\web
> next build

▲ Next.js 16.3.0 (Turbopack)
- Environments: .env.production, .env
⚠ `eslint` configuration in next.config.ts is no longer supported. See more info here: https://nextjs.org/docs/app/api-reference/cli/next#next-lint-options
⚠ Invalid next.config.ts options detected: 
⚠     Unrecognized key(s) in object: 'eslint'
⚠ See more info here: https://nextjs.org/docs/messages/invalid-next-config
✓ Running next.config.ts took 52ms

⚠ The "middleware" file convention is deprecated. Please use "proxy" instead.

  To migrate automatically, run:
  npx @next/codemod@canary middleware-to-proxy .

  Learn more: https://nextjs.org/docs/messages/middleware-to-proxy
  Creating an optimized production build ...
✓ Compiled successfully in 1024ms
  Skipping validation of types
  Finished TypeScript config validation in 13ms ...
  Collecting page data using 7 workers ...
  Generating static pages using 7 workers (0/6) ...
  Generating static pages using 7 workers (1/6) 
  Generating static pages using 7 workers (2/6) 
  Generating static pages using 7 workers (4/6) 
✓ Generating static pages using 7 workers (6/6) in 174ms
  Finalizing page optimization ...

Route (app)
┌ ƒ /
├ ƒ /_not-found
├ ƒ /account
├ ƒ /account/api-keys
├ ƒ /account/api-usage
├ ƒ /account/bookings
├ ƒ /account/bookings/[id]/chat
├ ƒ /account/contracts
├ ƒ /account/kyc
├ ƒ /account/notifications
├ ƒ /account/preferences
├ ƒ /account/preferences/notifications
├ ƒ /account/profile
├ ƒ /account/security
├ ƒ /account/sessions
├ ƒ /admin
├ ƒ /admin/api
├ ƒ /admin/audit
├ ƒ /admin/contracts
├ ƒ /admin/currency-rates
├ ƒ /admin/deposits
├ ƒ /admin/experts
├ ƒ /admin/fees
├ ƒ /admin/kyc
├ ƒ /admin/notifications
├ ƒ /admin/orders
├ ƒ /admin/risk
├ ƒ /admin/settings
├ ƒ /admin/settings/payments
├ ƒ /admin/support
├ ƒ /admin/support/tickets/[id]
├ ƒ /admin/system
├ ƒ /admin/system/backups
├ ƒ /admin/system/cache
├ ƒ /admin/system/data
├ ƒ /admin/trades
├ ƒ /admin/trading
├ ƒ /admin/transactions
├ ƒ /admin/users
├ ƒ /admin/users/[id]
├ ƒ /admin/wallets
├ ƒ /admin/withdrawals
├ ƒ /api/export
├ ƒ /developers
├ ƒ /developers/docs
├ ƒ /developers/playground
├ ƒ /experts
├ ƒ /experts/[id]
├ ƒ /fees
├ ƒ /forgot-password
├ ○ /icon.png
├ ƒ /learn
├ ƒ /learn/crypto-basics
├ ƒ /learn/market-insights
├ ƒ /learn/security
├ ƒ /learn/trading
├ ƒ /legal/cookies
├ ƒ /legal/privacy
├ ƒ /legal/risk-disclosure
├ ƒ /legal/security
├ ƒ /legal/terms
├ ƒ /login
├ ƒ /markets
├ ƒ /notifications
├ ƒ /register
├ ƒ /reset-password
├ ○ /robots.txt
├ ○ /sitemap.xml
├ ƒ /support
├ ƒ /support/tickets
├ ƒ /support/tickets/[id]
├ ƒ /support/tickets/new
├ ƒ /trade
├ ƒ /trade/[symbol]
├ ƒ /verify-email
├ ƒ /wallet
├ ƒ /wallet/deposit
├ ƒ /wallet/history
└ ƒ /wallet/withdraw

Route (pages)
─ ƒ /api/v1/[...path]

ƒ Proxy (Middleware)

○  (Static)   prerendered as static content
ƒ  (Dynamic)  server-rendered on demand

